// Jest Snapshot v1, https://goo.gl/fbAQLP

exports[`Login should disable when loading 1`] = `
<div>
  <div
    class="container-fluid"
  >
    <div
      class="row justify-content-md-center pt-5 text-center"
    >
      <div
        class="col-sm col-md-6 col-lg-4 col-xl-3"
      >
        <form>
          <div
            class="form-group"
          >
            <input
              class="form-control form-control-lg"
              disabled=""
              placeholder="Password"
              type="password"
              value=""
            />
          </div>
          <div
            class="form-group"
          >
            <div />
          </div>
          <div
            class="form-group"
          >
            <input
              class="btn btn-success btn-lg"
              disabled=""
              type="submit"
              value="Login"
            />
          </div>
        </form>
      </div>
    </div>
  </div>
</div>
`;

exports[`Login should render error message 1`] = `
<div>
  <div
    class="container-fluid"
  >
    <div
      class="row justify-content-md-center pt-5 text-center"
    >
      <div
        class="col-sm col-md-6 col-lg-4 col-xl-3"
      >
        <form>
          <div
            class="form-group"
          >
            <input
              class="form-control form-control-lg"
              placeholder="Password"
              type="password"
              value=""
            />
          </div>
          <div
            class="form-group"
          >
            <div />
          </div>
          <div
            class="form-group"
          >
            <input
              class="btn btn-success btn-lg"
              disabled=""
              type="submit"
              value="Login"
            />
          </div>
        </form>
      </div>
    </div>
  </div>
</div>
`;

exports[`Login should render with data 1`] = `
<div>
  <div
    class="container-fluid"
  >
    <div
      class="row justify-content-md-center pt-5 text-center"
    >
      <div
        class="col-sm col-md-6 col-lg-4 col-xl-3"
      >
        <form>
          <div
            class="form-group"
          >
            <input
              class="form-control form-control-lg"
              placeholder="Password"
              type="password"
              value=""
            />
          </div>
          <div
            class="form-group"
          >
            <div />
          </div>
          <div
            class="form-group"
          >
            <input
              class="btn btn-success btn-lg"
              disabled=""
              type="submit"
              value="Login"
            />
          </div>
        </form>
      </div>
    </div>
  </div>
</div>
`;
